======================================================================
Python Package Validation Report
======================================================================

Packages from pangeo-notebook feedstock: 7
Packages from pangeo-dask feedstock: 3
Other packages from py-rocket-base: 28
Total packages from py-rocket-base: 38
Total unique packages in env-*.yml files: 117
Total packages in filtered packages-python-pinned.yaml: 134

STATUS: FAILED
======================================================================

The following packages are in env-*.yml or py-rocket-base files
but were NOT found in the container image:

  - cf-units
    Found in: env-ioos.yml
  - cf-xarray
    Found in: env-ioos.yml
  - ckanapi
    Found in: env-ioos.yml
  - compliance-checker
    Found in: env-ioos.yml
  - geoplot
    Found in: env-ioos.yml
  - gliderpy
    Found in: env-ioos.yml
  - gridgeo
    Found in: env-ioos.yml
  - humanize
    Found in: env-ioos.yml
  - ioos-metrics
    Found in: env-ioos.yml
  - ioos-qc
    Found in: env-ioos.yml
  - oceans
    Found in: env-ioos.yml
  - odvc
    Found in: env-ioos.yml
  - palettable
    Found in: env-ioos.yml
  - pocean-core
    Found in: env-ioos.yml
  - pyobis
    Found in: env-ioos.yml
  - pysgrid
    Found in: env-ioos.yml
  - pyugrid
    Found in: env-ioos.yml
  - pyworms
    Found in: env-ioos.yml
  - retrying
    Found in: env-ioos.yml
  - seawater
    Found in: env-ioos.yml
  - stamina
    Found in: env-ioos.yml

Total missing packages: 21

To resolve this issue:
  1. Check if these packages failed to install in the container
  2. Review the container build logs for errors
  3. Fix any installation issues and rebuild the container
  4. If packages are not needed, remove them from the respective files

======================================================================


======================================================================
R Package Validation Report
======================================================================

Packages in install.R: 66
Packages in /rocker_scripts/install_geospatial.sh: 32
Packages in /rocker_scripts/install_tidyverse.sh: 17
Total unique R packages expected: 114
Archived packages excluded from validation: 4
  (RandomFields, maptools, rgdal, rgeos)
Total packages in packages-r-pinned.R: 421

STATUS: SUCCESS
======================================================================

All R packages from install.R, install_geospatial.sh, and
install_tidyverse.sh are present in packages-r-pinned.R.

The packages-r-pinned.R file contains all required packages
from the custom install.R and the rocker scripts.

Note: The following archived packages were excluded from validation
as they are no longer available on CRAN:
  - RandomFields (found in: install_geospatial.sh)
  - maptools (found in: install_geospatial.sh)
  - rgdal (found in: install_geospatial.sh)
  - rgeos (found in: install_geospatial.sh)

======================================================================
